Category: 📺央视频道, Name: CCTV-1, Total: 97, Valid: 45, Valid Percent: 46.39%, Whitelist: 0, IPv4: 2, IPv6: 95, Min Delay: 0.1 ms, Max Speed: 7.90 M/s, Avg Speed: 0.18 M/s, Max Resolution: 1920x1080
Category: 📺央视频道, Name: CCTV-2, Total: 116, Valid: 70, Valid Percent: 60.34%, Whitelist: 0, IPv4: 2, IPv6: 114, Min Delay: 0.1 ms, Max Speed: 0.32 M/s, Avg Speed: 0.01 M/s, Max Resolution: 1920x1080
Category: 📺央视频道, Name: CCTV-3, Total: 104, Valid: 56, Valid Percent: 53.85%, Whitelist: 0, IPv4: 2, IPv6: 102, Min Delay: 0.1 ms, Max Speed: 8.44 M/s, Avg Speed: 0.16 M/s, Max Resolution: 1920x1080
Category: 📺央视频道, Name: CCTV-4, Total: 163, Valid: 60, Valid Percent: 36.81%, Whitelist: 0, IPv4: 1, IPv6: 162, Min Delay: 0.1 ms, Max Speed: 0.32 M/s, Avg Speed: 0.01 M/s, Max Resolution: 1920x1080
Category: 📺央视频道, Name: CCTV-5, Total: 177, Valid: 65, Valid Percent: 36.72%, Whitelist: 0, IPv4: 38, IPv6: 139, Min Delay: 0.1 ms, Max Speed: 9.54 M/s, Avg Speed: 0.77 M/s, Max Resolution: 1920x1080
Category: 📺央视频道, Name: CCTV-5+, Total: 58, Valid: 41, Valid Percent: 70.69%, Whitelist: 0, IPv4: 0, IPv6: 58, Min Delay: 0.1 ms, Max Speed: 0.00 M/s, Avg Speed: 0.00 M/s, Max Resolution: 1920x1080
Category: 📺央视频道, Name: CCTV-6, Total: 88, Valid: 35, Valid Percent: 39.77%, Whitelist: 0, IPv4: 0, IPv6: 88, Min Delay: 0.1 ms, Max Speed: 0.00 M/s, Avg Speed: 0.00 M/s, Max Resolution: 1920x1080
Category: 📺央视频道, Name: CCTV-7, Total: 106, Valid: 61, Valid Percent: 57.55%, Whitelist: 0, IPv4: 1, IPv6: 105, Min Delay: 0.1 ms, Max Speed: 0.12 M/s, Avg Speed: 0.00 M/s, Max Resolution: 1920x1080
Category: 📺央视频道, Name: CCTV-8, Total: 98, Valid: 48, Valid Percent: 48.98%, Whitelist: 0, IPv4: 1, IPv6: 97, Min Delay: 0.1 ms, Max Speed: 0.01 M/s, Avg Speed: 0.00 M/s, Max Resolution: 1920x1080
Category: 📺央视频道, Name: CCTV-9, Total: 111, Valid: 59, Valid Percent: 53.15%, Whitelist: 0, IPv4: 0, IPv6: 111, Min Delay: 0.1 ms, Max Speed: 0.00 M/s, Avg Speed: 0.00 M/s, Max Resolution: 1920x1080
Category: 📺央视频道, Name: CCTV-10, Total: 104, Valid: 57, Valid Percent: 54.81%, Whitelist: 0, IPv4: 0, IPv6: 104, Min Delay: 0.1 ms, Max Speed: 0.00 M/s, Avg Speed: 0.00 M/s, Max Resolution: 1920x1080
Category: 📺央视频道, Name: CCTV-11, Total: 115, Valid: 66, Valid Percent: 57.39%, Whitelist: 0, IPv4: 0, IPv6: 115, Min Delay: 0.1 ms, Max Speed: 0.00 M/s, Avg Speed: 0.00 M/s, Max Resolution: 1920x1080
Category: 📺央视频道, Name: CCTV-12, Total: 114, Valid: 65, Valid Percent: 57.02%, Whitelist: 0, IPv4: 1, IPv6: 113, Min Delay: 0.1 ms, Max Speed: 0.01 M/s, Avg Speed: 0.00 M/s, Max Resolution: 1920x1080
Category: 📺央视频道, Name: CCTV-13, Total: 90, Valid: 42, Valid Percent: 46.67%, Whitelist: 0, IPv4: 1, IPv6: 89, Min Delay: 0.1 ms, Max Speed: 0.03 M/s, Avg Speed: 0.00 M/s, Max Resolution: 1920x1080
Category: 📺央视频道, Name: CCTV-14, Total: 92, Valid: 39, Valid Percent: 42.39%, Whitelist: 0, IPv4: 1, IPv6: 91, Min Delay: 0.1 ms, Max Speed: 0.08 M/s, Avg Speed: 0.00 M/s, Max Resolution: 1920x1080
Category: 📺央视频道, Name: CCTV-15, Total: 112, Valid: 65, Valid Percent: 58.04%, Whitelist: 0, IPv4: 2, IPv6: 110, Min Delay: 0.1 ms, Max Speed: 5.34 M/s, Avg Speed: 0.08 M/s, Max Resolution: 1920x1080
Category: 📺央视频道, Name: CCTV-16, Total: 54, Valid: 30, Valid Percent: 55.56%, Whitelist: 0, IPv4: 9, IPv6: 45, Min Delay: 0.1 ms, Max Speed: 11.26 M/s, Avg Speed: 1.26 M/s, Max Resolution: 1920x1080
Category: 📺央视频道, Name: CCTV-17, Total: 94, Valid: 44, Valid Percent: 46.81%, Whitelist: 0, IPv4: 0, IPv6: 94, Min Delay: 0.1 ms, Max Speed: 0.00 M/s, Avg Speed: 0.00 M/s, Max Resolution: 1920x1080
Category: 📡卫视频道, Name: 黑龙江卫视, Total: 91, Valid: 64, Valid Percent: 70.33%, Whitelist: 0, IPv4: 10, IPv6: 81, Min Delay: 0.1 ms, Max Speed: 8.17 M/s, Avg Speed: 0.20 M/s, Max Resolution: 1920x1080
Category: 📡卫视频道, Name: 广东卫视, Total: 125, Valid: 66, Valid Percent: 52.80%, Whitelist: 0, IPv4: 13, IPv6: 112, Min Delay: 0.1 ms, Max Speed: 12.53 M/s, Avg Speed: 0.27 M/s, Max Resolution: 1920x1080
Category: 📡卫视频道, Name: 北京卫视, Total: 121, Valid: 57, Valid Percent: 47.11%, Whitelist: 0, IPv4: 13, IPv6: 108, Min Delay: 0.1 ms, Max Speed: 9.77 M/s, Avg Speed: 0.28 M/s, Max Resolution: 1920x1080
Category: 📡卫视频道, Name: 江苏卫视, Total: 132, Valid: 73, Valid Percent: 55.30%, Whitelist: 0, IPv4: 15, IPv6: 117, Min Delay: 0.1 ms, Max Speed: 10.88 M/s, Avg Speed: 0.30 M/s, Max Resolution: 1920x1080
Category: 📡卫视频道, Name: 湖南卫视, Total: 141, Valid: 72, Valid Percent: 51.06%, Whitelist: 0, IPv4: 22, IPv6: 119, Min Delay: 0.1 ms, Max Speed: 11.20 M/s, Avg Speed: 0.51 M/s, Max Resolution: 3840x2160
Category: 📡卫视频道, Name: 香港卫视, Total: 13, Valid: 5, Valid Percent: 38.46%, Whitelist: 0, IPv4: 0, IPv6: 13, Min Delay: 0.1 ms, Max Speed: 0.00 M/s, Avg Speed: 0.00 M/s, Max Resolution: 1920x1080
Category: 📡卫视频道, Name: 浙江卫视, Total: 165, Valid: 80, Valid Percent: 48.48%, Whitelist: 0, IPv4: 16, IPv6: 149, Min Delay: 0.1 ms, Max Speed: 7.69 M/s, Avg Speed: 0.40 M/s, Max Resolution: 1920x1080
Category: 📡卫视频道, Name: 湖北卫视, Total: 135, Valid: 78, Valid Percent: 57.78%, Whitelist: 0, IPv4: 12, IPv6: 123, Min Delay: 0.1 ms, Max Speed: 10.22 M/s, Avg Speed: 0.28 M/s, Max Resolution: 1920x1080
Category: 📡卫视频道, Name: 安徽卫视, Total: 93, Valid: 68, Valid Percent: 73.12%, Whitelist: 0, IPv4: 14, IPv6: 79, Min Delay: 0.1 ms, Max Speed: 7.10 M/s, Avg Speed: 0.20 M/s, Max Resolution: 1920x1080
Category: 📡卫视频道, Name: 重庆卫视, Total: 86, Valid: 60, Valid Percent: 69.77%, Whitelist: 0, IPv4: 8, IPv6: 78, Min Delay: 0.1 ms, Max Speed: 9.49 M/s, Avg Speed: 0.41 M/s, Max Resolution: 1920x1080
Category: 📡卫视频道, Name: 东方卫视, Total: 131, Valid: 66, Valid Percent: 50.38%, Whitelist: 0, IPv4: 12, IPv6: 119, Min Delay: 0.1 ms, Max Speed: 11.86 M/s, Avg Speed: 0.68 M/s, Max Resolution: 1920x1080
Category: 📡卫视频道, Name: 东南卫视, Total: 79, Valid: 50, Valid Percent: 63.29%, Whitelist: 0, IPv4: 13, IPv6: 66, Min Delay: 0.1 ms, Max Speed: 8.50 M/s, Avg Speed: 0.62 M/s, Max Resolution: 1920x1080
Category: 📡卫视频道, Name: 甘肃卫视, Total: 49, Valid: 27, Valid Percent: 55.10%, Whitelist: 0, IPv4: 7, IPv6: 42, Min Delay: 0.1 ms, Max Speed: 7.06 M/s, Avg Speed: 0.42 M/s, Max Resolution: 1920x1080
Category: 📡卫视频道, Name: 广西卫视, Total: 60, Valid: 39, Valid Percent: 65.00%, Whitelist: 0, IPv4: 9, IPv6: 51, Min Delay: 0.1 ms, Max Speed: 10.38 M/s, Avg Speed: 0.60 M/s, Max Resolution: 1920x1080
Category: 📡卫视频道, Name: 贵州卫视, Total: 65, Valid: 40, Valid Percent: 61.54%, Whitelist: 0, IPv4: 10, IPv6: 55, Min Delay: 0.1 ms, Max Speed: 5.70 M/s, Avg Speed: 0.25 M/s, Max Resolution: 1920x1080
Category: 📡卫视频道, Name: 海南卫视, Total: 124, Valid: 40, Valid Percent: 32.26%, Whitelist: 0, IPv4: 7, IPv6: 117, Min Delay: 0.1 ms, Max Speed: 4.14 M/s, Avg Speed: 0.13 M/s, Max Resolution: 1920x1080
Category: 📡卫视频道, Name: 河北卫视, Total: 72, Valid: 45, Valid Percent: 62.50%, Whitelist: 0, IPv4: 8, IPv6: 64, Min Delay: 0.1 ms, Max Speed: 5.82 M/s, Avg Speed: 0.19 M/s, Max Resolution: 1920x1080
Category: 📡卫视频道, Name: 河南卫视, Total: 116, Valid: 58, Valid Percent: 50.00%, Whitelist: 0, IPv4: 16, IPv6: 100, Min Delay: 0.1 ms, Max Speed: 6.66 M/s, Avg Speed: 0.27 M/s, Max Resolution: 1920x1080
Category: 📡卫视频道, Name: 吉林卫视, Total: 116, Valid: 59, Valid Percent: 50.86%, Whitelist: 0, IPv4: 10, IPv6: 106, Min Delay: 0.1 ms, Max Speed: 10.57 M/s, Avg Speed: 0.32 M/s, Max Resolution: 1920x1080
Category: 📡卫视频道, Name: 江西卫视, Total: 128, Valid: 69, Valid Percent: 53.91%, Whitelist: 0, IPv4: 9, IPv6: 119, Min Delay: 0.1 ms, Max Speed: 6.17 M/s, Avg Speed: 0.18 M/s, Max Resolution: 1920x1080
Category: 📡卫视频道, Name: 辽宁卫视, Total: 107, Valid: 47, Valid Percent: 43.93%, Whitelist: 0, IPv4: 12, IPv6: 95, Min Delay: 0.1 ms, Max Speed: 7.94 M/s, Avg Speed: 0.40 M/s, Max Resolution: 1920x1080
Category: 📡卫视频道, Name: 内蒙古卫视, Total: 75, Valid: 24, Valid Percent: 32.00%, Whitelist: 0, IPv4: 7, IPv6: 68, Min Delay: 0.1 ms, Max Speed: 6.81 M/s, Avg Speed: 0.34 M/s, Max Resolution: 1920x1080
Category: 📡卫视频道, Name: 宁夏卫视, Total: 42, Valid: 23, Valid Percent: 54.76%, Whitelist: 0, IPv4: 8, IPv6: 34, Min Delay: 0.1 ms, Max Speed: 12.10 M/s, Avg Speed: 0.53 M/s, Max Resolution: 1920x1080
Category: 📡卫视频道, Name: 青海卫视, Total: 85, Valid: 31, Valid Percent: 36.47%, Whitelist: 0, IPv4: 8, IPv6: 77, Min Delay: 0.1 ms, Max Speed: 11.64 M/s, Avg Speed: 0.62 M/s, Max Resolution: 1920x1080
Category: 📡卫视频道, Name: 山东卫视, Total: 76, Valid: 50, Valid Percent: 65.79%, Whitelist: 0, IPv4: 13, IPv6: 63, Min Delay: 0.1 ms, Max Speed: 6.67 M/s, Avg Speed: 0.30 M/s, Max Resolution: 1920x1080
Category: 📡卫视频道, Name: 山西卫视, Total: 38, Valid: 17, Valid Percent: 44.74%, Whitelist: 0, IPv4: 10, IPv6: 28, Min Delay: 0.1 ms, Max Speed: 5.95 M/s, Avg Speed: 0.82 M/s, Max Resolution: 1920x1080
Category: 📡卫视频道, Name: 陕西卫视, Total: 81, Valid: 28, Valid Percent: 34.57%, Whitelist: 0, IPv4: 9, IPv6: 72, Min Delay: 0.1 ms, Max Speed: 12.88 M/s, Avg Speed: 0.63 M/s, Max Resolution: 1920x1080
Category: 📡卫视频道, Name: 四川卫视, Total: 67, Valid: 40, Valid Percent: 59.70%, Whitelist: 0, IPv4: 17, IPv6: 50, Min Delay: 0.1 ms, Max Speed: 7.81 M/s, Avg Speed: 0.44 M/s, Max Resolution: 1920x1080
Category: 📡卫视频道, Name: 深圳卫视, Total: 66, Valid: 41, Valid Percent: 62.12%, Whitelist: 0, IPv4: 11, IPv6: 55, Min Delay: 0.1 ms, Max Speed: 12.95 M/s, Avg Speed: 0.61 M/s, Max Resolution: 1920x1080
Category: 📡卫视频道, Name: 三沙卫视, Total: 54, Valid: 13, Valid Percent: 24.07%, Whitelist: 0, IPv4: 5, IPv6: 49, Min Delay: 0.1 ms, Max Speed: 11.56 M/s, Avg Speed: 0.89 M/s, Max Resolution: 1920x1080
Category: 📡卫视频道, Name: 天津卫视, Total: 72, Valid: 48, Valid Percent: 66.67%, Whitelist: 0, IPv4: 12, IPv6: 60, Min Delay: 0.1 ms, Max Speed: 7.43 M/s, Avg Speed: 0.34 M/s, Max Resolution: 1920x1080
Category: 📡卫视频道, Name: 西藏卫视, Total: 35, Valid: 21, Valid Percent: 60.00%, Whitelist: 0, IPv4: 0, IPv6: 35, Min Delay: 0.1 ms, Max Speed: 0.00 M/s, Avg Speed: 0.00 M/s, Max Resolution: 1920x1080
Category: 📡卫视频道, Name: 新疆卫视, Total: 45, Valid: 24, Valid Percent: 53.33%, Whitelist: 0, IPv4: 6, IPv6: 39, Min Delay: 0.1 ms, Max Speed: 6.80 M/s, Avg Speed: 0.28 M/s, Max Resolution: 1920x1080
Category: 📡卫视频道, Name: 云南卫视, Total: 53, Valid: 31, Valid Percent: 58.49%, Whitelist: 0, IPv4: 10, IPv6: 43, Min Delay: 0.1 ms, Max Speed: 9.90 M/s, Avg Speed: 0.56 M/s, Max Resolution: 1920x1080
Category: ☘️黑龙江频道, Name: 黑龙江文体, Total: 10, Valid: 9, Valid Percent: 90.00%, Whitelist: 0, IPv4: 0, IPv6: 10, Min Delay: 0.1 ms, Max Speed: 0.00 M/s, Avg Speed: 0.00 M/s, Max Resolution: 1920x1080
Category: ☘️黑龙江频道, Name: 黑龙江新闻法治, Total: 12, Valid: 11, Valid Percent: 91.67%, Whitelist: 0, IPv4: 0, IPv6: 12, Min Delay: 0.1 ms, Max Speed: 0.00 M/s, Avg Speed: 0.00 M/s, Max Resolution: 1920x1080
Category: ☘️黑龙江频道, Name: 黑龙江影视, Total: 9, Valid: 8, Valid Percent: 88.89%, Whitelist: 0, IPv4: 0, IPv6: 9, Min Delay: 0.1 ms, Max Speed: 0.00 M/s, Avg Speed: 0.00 M/s, Max Resolution: 1920x1080
Category: ☘️黑龙江频道, Name: 黑龙江都市, Total: 11, Valid: 10, Valid Percent: 90.91%, Whitelist: 0, IPv4: 0, IPv6: 11, Min Delay: 0.1 ms, Max Speed: 0.00 M/s, Avg Speed: 0.00 M/s, Max Resolution: 1920x1080
Category: ☘️黑龙江频道, Name: 黑龙江少儿, Total: 9, Valid: 8, Valid Percent: 88.89%, Whitelist: 0, IPv4: 0, IPv6: 9, Min Delay: 0.1 ms, Max Speed: 0.00 M/s, Avg Speed: 0.00 M/s, Max Resolution: 1920x1080
Category: ☘️黑龙江频道, Name: 黑龙江新闻, Total: 3, Valid: 1, Valid Percent: 33.33%, Whitelist: 0, IPv4: 0, IPv6: 3, Min Delay: 0.1 ms, Max Speed: 0.00 M/s, Avg Speed: 0.00 M/s, Max Resolution: 1920x1080
Category: ☘️黑龙江频道, Name: 哈尔滨新闻综合, Total: 3, Valid: 3, Valid Percent: 100.00%, Whitelist: 0, IPv4: 0, IPv6: 3, Min Delay: 0.1 ms, Max Speed: 0.00 M/s, Avg Speed: 0.00 M/s, Max Resolution: 1920x1080
Category: ☘️黑龙江频道, Name: 哈尔滨影视, Total: 5, Valid: 5, Valid Percent: 100.00%, Whitelist: 0, IPv4: 5, IPv6: 0, Min Delay: 510 ms, Max Speed: 0.02 M/s, Avg Speed: 0.01 M/s, Max Resolution: 640x480
Category: ☘️黑龙江频道, Name: 哈尔滨资讯, Total: 1, Valid: 1, Valid Percent: 100.00%, Whitelist: 0, IPv4: 1, IPv6: 0, Min Delay: 3021 ms, Max Speed: 0.01 M/s, Avg Speed: 0.01 M/s, Max Resolution: None
Category: ☘️黑龙江频道, Name: 哈尔滨生活, Total: 4, Valid: 4, Valid Percent: 100.00%, Whitelist: 0, IPv4: 4, IPv6: 0, Min Delay: 6201 ms, Max Speed: 0.02 M/s, Avg Speed: 0.01 M/s, Max Resolution: 640x480
Category: ☘️黑龙江频道, Name: 哈尔滨娱乐, Total: 1, Valid: 1, Valid Percent: 100.00%, Whitelist: 0, IPv4: 1, IPv6: 0, Min Delay: 6453 ms, Max Speed: 0.01 M/s, Avg Speed: 0.01 M/s, Max Resolution: None
Category: ☘️黑龙江频道, Name: 大庆新闻综合, Total: 1, Valid: 1, Valid Percent: 100.00%, Whitelist: 0, IPv4: 0, IPv6: 1, Min Delay: 0.1 ms, Max Speed: 0.00 M/s, Avg Speed: 0.00 M/s, Max Resolution: 1920x1080
Category: ☘️黑龙江频道, Name: 鹤岗新闻综合, Total: 4, Valid: 3, Valid Percent: 75.00%, Whitelist: 0, IPv4: 0, IPv6: 4, Min Delay: 0.1 ms, Max Speed: 0.00 M/s, Avg Speed: 0.00 M/s, Max Resolution: 1920x1080
Category: ☘️黑龙江频道, Name: 七台河新闻综合, Total: 1, Valid: 1, Valid Percent: 100.00%, Whitelist: 0, IPv4: 1, IPv6: 0, Min Delay: 2511 ms, Max Speed: 0.41 M/s, Avg Speed: 0.41 M/s, Max Resolution: 1280x720
Category: ☘️黑龙江频道, Name: 佳木斯新闻综合, Total: 1, Valid: 1, Valid Percent: 100.00%, Whitelist: 0, IPv4: 0, IPv6: 1, Min Delay: 0.1 ms, Max Speed: 0.00 M/s, Avg Speed: 0.00 M/s, Max Resolution: 1920x1080
Category: ☘️黑龙江频道, Name: 甘南县综合, Total: 2, Valid: 1, Valid Percent: 50.00%, Whitelist: 0, IPv4: 2, IPv6: 0, Min Delay: 4520 ms, Max Speed: 0.01 M/s, Avg Speed: 0.01 M/s, Max Resolution: 640x480
Category: ☘️黑龙江频道, Name: 齐齐哈尔新闻综合, Total: 3, Valid: 1, Valid Percent: 33.33%, Whitelist: 0, IPv4: 0, IPv6: 3, Min Delay: 0.1 ms, Max Speed: 0.00 M/s, Avg Speed: 0.00 M/s, Max Resolution: 1920x1080
Category: ☘️黑龙江频道, Name: 双鸭山综合, Total: 2, Valid: 1, Valid Percent: 50.00%, Whitelist: 0, IPv4: 2, IPv6: 0, Min Delay: 2806 ms, Max Speed: 0.37 M/s, Avg Speed: 0.37 M/s, Max Resolution: 1280x720
Category: ☘️黑龙江频道, Name: 七台河民生社教, Total: 1, Valid: 1, Valid Percent: 100.00%, Whitelist: 0, IPv4: 1, IPv6: 0, Min Delay: 2171 ms, Max Speed: 0.43 M/s, Avg Speed: 0.43 M/s, Max Resolution: 1280x720
Category: 🌊港·澳·台, Name: 翡翠台, Total: 159, Valid: 21, Valid Percent: 13.21%, Whitelist: 0, IPv4: 4, IPv6: 155, Min Delay: 0.1 ms, Max Speed: 34.26 M/s, Avg Speed: 2.58 M/s, Max Resolution: 1920x1080
Category: 🌊港·澳·台, Name: 明珠台, Total: 80, Valid: 0, Valid Percent: 0.00%, Whitelist: 0, IPv4: 0, IPv6: 80, Min Delay: -1 ms, Max Speed: 0.00 M/s, Avg Speed: 0.00 M/s, Max Resolution: None
Category: 🌊港·澳·台, Name: 凤凰中文, Total: 114, Valid: 29, Valid Percent: 25.44%, Whitelist: 0, IPv4: 10, IPv6: 104, Min Delay: 0.1 ms, Max Speed: 29.54 M/s, Avg Speed: 2.56 M/s, Max Resolution: 1920x1080
Category: 🌊港·澳·台, Name: 凤凰资讯, Total: 120, Valid: 41, Valid Percent: 34.17%, Whitelist: 0, IPv4: 6, IPv6: 114, Min Delay: 0.1 ms, Max Speed: 28.29 M/s, Avg Speed: 0.85 M/s, Max Resolution: 1920x1080
Category: 🌊港·澳·台, Name: 凤凰香港, Total: 93, Valid: 19, Valid Percent: 20.43%, Whitelist: 0, IPv4: 5, IPv6: 88, Min Delay: 0.1 ms, Max Speed: 23.22 M/s, Avg Speed: 1.65 M/s, Max Resolution: 1920x1080
Category: 🌊港·澳·台, Name: 凤凰卫视, Total: 7, Valid: 4, Valid Percent: 57.14%, Whitelist: 0, IPv4: 0, IPv6: 7, Min Delay: 0.1 ms, Max Speed: 0.00 M/s, Avg Speed: 0.00 M/s, Max Resolution: 1920x1080
Category: 🌊港·澳·台, Name: TVBS亚洲, Total: 2, Valid: 1, Valid Percent: 50.00%, Whitelist: 0, IPv4: 0, IPv6: 2, Min Delay: 0.1 ms, Max Speed: 0.00 M/s, Avg Speed: 0.00 M/s, Max Resolution: 1920x1080
Category: 🌊港·澳·台, Name: 香港卫视, Total: 13, Valid: 5, Valid Percent: 38.46%, Whitelist: 0, IPv4: 0, IPv6: 13, Min Delay: 0.1 ms, Max Speed: 0.00 M/s, Avg Speed: 0.00 M/s, Max Resolution: 1920x1080
Category: 🌊港·澳·台, Name: 纬来体育, Total: 12, Valid: 9, Valid Percent: 75.00%, Whitelist: 0, IPv4: 4, IPv6: 8, Min Delay: 0.1 ms, Max Speed: 5.14 M/s, Avg Speed: 2.23 M/s, Max Resolution: 1920x1080
Category: 🌊港·澳·台, Name: 纬来育乐, Total: 29, Valid: 1, Valid Percent: 3.45%, Whitelist: 0, IPv4: 1, IPv6: 28, Min Delay: 64 ms, Max Speed: 4.80 M/s, Avg Speed: 4.80 M/s, Max Resolution: 1920x1080
Category: 🌊港·澳·台, Name: J2, Total: 2, Valid: 1, Valid Percent: 50.00%, Whitelist: 0, IPv4: 0, IPv6: 2, Min Delay: 0.1 ms, Max Speed: 0.00 M/s, Avg Speed: 0.00 M/s, Max Resolution: 1920x1080
Category: 🌊港·澳·台, Name: Viutv, Total: 2, Valid: 2, Valid Percent: 100.00%, Whitelist: 0, IPv4: 1, IPv6: 1, Min Delay: 0.1 ms, Max Speed: 5.10 M/s, Avg Speed: 2.55 M/s, Max Resolution: 1920x1080
Category: 🌊港·澳·台, Name: 三立台湾, Total: 2, Valid: 2, Valid Percent: 100.00%, Whitelist: 0, IPv4: 1, IPv6: 1, Min Delay: 0.1 ms, Max Speed: 4.49 M/s, Avg Speed: 2.24 M/s, Max Resolution: 1920x1080
Category: 🌊港·澳·台, Name: 无线新闻, Total: 5, Valid: 5, Valid Percent: 100.00%, Whitelist: 0, IPv4: 0, IPv6: 5, Min Delay: 0.1 ms, Max Speed: 0.00 M/s, Avg Speed: 0.00 M/s, Max Resolution: 1920x1080
Category: 🌊港·澳·台, Name: 三立新闻, Total: 12, Valid: 8, Valid Percent: 66.67%, Whitelist: 0, IPv4: 3, IPv6: 9, Min Delay: 0.1 ms, Max Speed: 4.91 M/s, Avg Speed: 0.63 M/s, Max Resolution: 1920x1080
Category: 🌊港·澳·台, Name: 东森综合, Total: 5, Valid: 4, Valid Percent: 80.00%, Whitelist: 0, IPv4: 3, IPv6: 2, Min Delay: 0.1 ms, Max Speed: 4.97 M/s, Avg Speed: 3.70 M/s, Max Resolution: 1920x1080
Category: 🌊港·澳·台, Name: 东森超视, Total: 13, Valid: 8, Valid Percent: 61.54%, Whitelist: 0, IPv4: 3, IPv6: 10, Min Delay: 0.1 ms, Max Speed: 5.05 M/s, Avg Speed: 1.83 M/s, Max Resolution: 1920x1080
Category: 🌊港·澳·台, Name: 东森电影, Total: 7, Valid: 5, Valid Percent: 71.43%, Whitelist: 0, IPv4: 1, IPv6: 6, Min Delay: 0.1 ms, Max Speed: 5.13 M/s, Avg Speed: 1.03 M/s, Max Resolution: 1920x1080
Category: 🌊港·澳·台, Name: Now剧集, Total: 1, Valid: 0, Valid Percent: 0.00%, Whitelist: 0, IPv4: 0, IPv6: 1, Min Delay: -1 ms, Max Speed: 0.00 M/s, Avg Speed: 0.00 M/s, Max Resolution: None
Category: 🌊港·澳·台, Name: 靖天资讯, Total: 28, Valid: 3, Valid Percent: 10.71%, Whitelist: 0, IPv4: 3, IPv6: 25, Min Delay: 84 ms, Max Speed: 3.66 M/s, Avg Speed: 1.26 M/s, Max Resolution: 1920x1080
Category: 🎬电影频道, Name: CHC家庭影院, Total: 45, Valid: 9, Valid Percent: 20.00%, Whitelist: 0, IPv4: 0, IPv6: 45, Min Delay: 0.1 ms, Max Speed: 0.00 M/s, Avg Speed: 0.00 M/s, Max Resolution: 1920x1080
Category: 🎬电影频道, Name: CHC动作电影, Total: 48, Valid: 17, Valid Percent: 35.42%, Whitelist: 0, IPv4: 0, IPv6: 48, Min Delay: 0.1 ms, Max Speed: 0.00 M/s, Avg Speed: 0.00 M/s, Max Resolution: 1920x1080
Category: 🎬电影频道, Name: CHC高清电影, Total: 7, Valid: 4, Valid Percent: 57.14%, Whitelist: 0, IPv4: 7, IPv6: 0, Min Delay: 6006 ms, Max Speed: 0.12 M/s, Avg Speed: 0.06 M/s, Max Resolution: 1920x1080
Category: 🎬电影频道, Name: 淘剧场, Total: 5, Valid: 2, Valid Percent: 40.00%, Whitelist: 0, IPv4: 0, IPv6: 5, Min Delay: 0.1 ms, Max Speed: 0.00 M/s, Avg Speed: 0.00 M/s, Max Resolution: 1920x1080
Category: 🎬电影频道, Name: 淘娱乐, Total: 5, Valid: 2, Valid Percent: 40.00%, Whitelist: 0, IPv4: 0, IPv6: 5, Min Delay: 0.1 ms, Max Speed: 0.00 M/s, Avg Speed: 0.00 M/s, Max Resolution: 1920x1080
Category: 🎬电影频道, Name: 淘电影, Total: 17, Valid: 17, Valid Percent: 100.00%, Whitelist: 0, IPv4: 0, IPv6: 17, Min Delay: 0.1 ms, Max Speed: 0.00 M/s, Avg Speed: 0.00 M/s, Max Resolution: 1920x1080
Category: 🎬电影频道, Name: NewTV惊悚悬疑, Total: 9, Valid: 1, Valid Percent: 11.11%, Whitelist: 0, IPv4: 0, IPv6: 9, Min Delay: 0.1 ms, Max Speed: 0.00 M/s, Avg Speed: 0.00 M/s, Max Resolution: 1920x1080
Category: 🎬电影频道, Name: NewTV动作电影, Total: 3, Valid: 1, Valid Percent: 33.33%, Whitelist: 0, IPv4: 0, IPv6: 3, Min Delay: 0.1 ms, Max Speed: 0.00 M/s, Avg Speed: 0.00 M/s, Max Resolution: 1920x1080
Category: 🎬电影频道, Name: 黑莓电影, Total: 13, Valid: 9, Valid Percent: 69.23%, Whitelist: 0, IPv4: 0, IPv6: 13, Min Delay: 0.1 ms, Max Speed: 0.00 M/s, Avg Speed: 0.00 M/s, Max Resolution: 1920x1080
Category: 🎬电影频道, Name: 纬来电影, Total: 33, Valid: 0, Valid Percent: 0.00%, Whitelist: 0, IPv4: 0, IPv6: 33, Min Delay: -1 ms, Max Speed: 0.00 M/s, Avg Speed: 0.00 M/s, Max Resolution: None
Category: 🎬电影频道, Name: 靖天映画, Total: 10, Valid: 3, Valid Percent: 30.00%, Whitelist: 0, IPv4: 3, IPv6: 7, Min Delay: 63 ms, Max Speed: 4.91 M/s, Avg Speed: 1.66 M/s, Max Resolution: 1920x1080
Category: 🎬电影频道, Name: 靖天戏剧, Total: 27, Valid: 4, Valid Percent: 14.81%, Whitelist: 0, IPv4: 3, IPv6: 24, Min Delay: 0.1 ms, Max Speed: 5.03 M/s, Avg Speed: 1.28 M/s, Max Resolution: 1920x1080
Category: 🎬电影频道, Name: 经典电影, Total: 10, Valid: 7, Valid Percent: 70.00%, Whitelist: 0, IPv4: 1, IPv6: 9, Min Delay: 0.1 ms, Max Speed: 4.98 M/s, Avg Speed: 0.71 M/s, Max Resolution: 1920x1080
Category: 🎬电影频道, Name: IPTV经典电影, Total: 1, Valid: 1, Valid Percent: 100.00%, Whitelist: 0, IPv4: 1, IPv6: 0, Min Delay: 131 ms, Max Speed: 3.45 M/s, Avg Speed: 3.45 M/s, Max Resolution: 1920x1080
Category: 🎬电影频道, Name: 天映经典, Total: 40, Valid: 2, Valid Percent: 5.00%, Whitelist: 0, IPv4: 2, IPv6: 38, Min Delay: 61 ms, Max Speed: 5.06 M/s, Avg Speed: 4.05 M/s, Max Resolution: 1920x1080
Category: 🎬电影频道, Name: 无线星河, Total: 8, Valid: 1, Valid Percent: 12.50%, Whitelist: 0, IPv4: 0, IPv6: 8, Min Delay: 0.1 ms, Max Speed: 0.00 M/s, Avg Speed: 0.00 M/s, Max Resolution: 1920x1080
Category: 🎬电影频道, Name: 星空卫视, Total: 5, Valid: 2, Valid Percent: 40.00%, Whitelist: 0, IPv4: 1, IPv6: 4, Min Delay: 0.1 ms, Max Speed: 4.87 M/s, Avg Speed: 2.43 M/s, Max Resolution: 1920x1080
Category: 🎬电影频道, Name: 东森电影, Total: 6, Valid: 4, Valid Percent: 66.67%, Whitelist: 0, IPv4: 0, IPv6: 6, Min Delay: 0.1 ms, Max Speed: 0.00 M/s, Avg Speed: 0.00 M/s, Max Resolution: 1920x1080
Category: 🎬电影频道, Name: 龙祥电影, Total: 2, Valid: 0, Valid Percent: 0.00%, Whitelist: 0, IPv4: 0, IPv6: 2, Min Delay: -1 ms, Max Speed: 0.00 M/s, Avg Speed: 0.00 M/s, Max Resolution: None
Category: 🎬电影频道, Name: 东森洋片, Total: 32, Valid: 2, Valid Percent: 6.25%, Whitelist: 0, IPv4: 2, IPv6: 30, Min Delay: 61 ms, Max Speed: 5.08 M/s, Avg Speed: 2.54 M/s, Max Resolution: 1920x1080
Category: 🎬电影频道, Name: 东森超视, Total: 10, Valid: 5, Valid Percent: 50.00%, Whitelist: 0, IPv4: 0, IPv6: 10, Min Delay: 0.1 ms, Max Speed: 0.00 M/s, Avg Speed: 0.00 M/s, Max Resolution: 1920x1080
Category: ☘️广东频道, Name: 广东珠江, Total: 104, Valid: 39, Valid Percent: 37.50%, Whitelist: 0, IPv4: 0, IPv6: 104, Min Delay: 0.1 ms, Max Speed: 0.00 M/s, Avg Speed: 0.00 M/s, Max Resolution: 1920x1080
Category: ☘️广东频道, Name: 广东体育, Total: 98, Valid: 18, Valid Percent: 18.37%, Whitelist: 0, IPv4: 11, IPv6: 87, Min Delay: 0.1 ms, Max Speed: 12.37 M/s, Avg Speed: 1.89 M/s, Max Resolution: 1920x1080
Category: ☘️广东频道, Name: 广东新闻, Total: 49, Valid: 7, Valid Percent: 14.29%, Whitelist: 0, IPv4: 0, IPv6: 49, Min Delay: 0.1 ms, Max Speed: 0.00 M/s, Avg Speed: 0.00 M/s, Max Resolution: 1920x1080
Category: ☘️广东频道, Name: 广东卫视, Total: 112, Valid: 58, Valid Percent: 51.79%, Whitelist: 0, IPv4: 0, IPv6: 112, Min Delay: 0.1 ms, Max Speed: 0.00 M/s, Avg Speed: 0.00 M/s, Max Resolution: 1920x1080
Category: ☘️广东频道, Name: 广东民生, Total: 47, Valid: 6, Valid Percent: 12.77%, Whitelist: 0, IPv4: 0, IPv6: 47, Min Delay: 0.1 ms, Max Speed: 0.00 M/s, Avg Speed: 0.00 M/s, Max Resolution: 1920x1080
Category: ☘️广东频道, Name: 广州综合, Total: 40, Valid: 38, Valid Percent: 95.00%, Whitelist: 0, IPv4: 0, IPv6: 40, Min Delay: 0.1 ms, Max Speed: 0.00 M/s, Avg Speed: 0.00 M/s, Max Resolution: 1920x1080
Category: ☘️广东频道, Name: 广州影视, Total: 32, Valid: 31, Valid Percent: 96.88%, Whitelist: 0, IPv4: 0, IPv6: 32, Min Delay: 0.1 ms, Max Speed: 0.00 M/s, Avg Speed: 0.00 M/s, Max Resolution: 1920x1080
Category: ☘️北京频道, Name: 北京新闻, Total: 40, Valid: 10, Valid Percent: 25.00%, Whitelist: 0, IPv4: 1, IPv6: 39, Min Delay: 0.1 ms, Max Speed: 0.56 M/s, Avg Speed: 0.06 M/s, Max Resolution: 1920x1080
Category: ☘️北京频道, Name: 北京生活, Total: 34, Valid: 4, Valid Percent: 11.76%, Whitelist: 0, IPv4: 1, IPv6: 33, Min Delay: 0.1 ms, Max Speed: 0.08 M/s, Avg Speed: 0.02 M/s, Max Resolution: 1920x1080
Category: ☘️北京频道, Name: 北京科教, Total: 1, Valid: 1, Valid Percent: 100.00%, Whitelist: 0, IPv4: 1, IPv6: 0, Min Delay: 58 ms, Max Speed: 1.19 M/s, Avg Speed: 1.19 M/s, Max Resolution: 19x24
Category: ☘️北京频道, Name: 北京财经, Total: 33, Valid: 3, Valid Percent: 9.09%, Whitelist: 0, IPv4: 0, IPv6: 33, Min Delay: 0.1 ms, Max Speed: 0.00 M/s, Avg Speed: 0.00 M/s, Max Resolution: 1920x1080
Category: ☘️北京频道, Name: 北京青年, Total: 1, Valid: 1, Valid Percent: 100.00%, Whitelist: 0, IPv4: 1, IPv6: 0, Min Delay: 46 ms, Max Speed: 2.66 M/s, Avg Speed: 2.66 M/s, Max Resolution: 19x24
Category: ☘️上海频道, Name: 第一财经, Total: 22, Valid: 18, Valid Percent: 81.82%, Whitelist: 0, IPv4: 1, IPv6: 21, Min Delay: 0.1 ms, Max Speed: 0.07 M/s, Avg Speed: 0.00 M/s, Max Resolution: 1920x1080
Category: ☘️上海频道, Name: 七彩戏剧, Total: 2, Valid: 2, Valid Percent: 100.00%, Whitelist: 0, IPv4: 0, IPv6: 2, Min Delay: 0.1 ms, Max Speed: 0.00 M/s, Avg Speed: 0.00 M/s, Max Resolution: 1920x1080
Category: ☘️上海频道, Name: 上海外语, Total: 3, Valid: 3, Valid Percent: 100.00%, Whitelist: 0, IPv4: 0, IPv6: 3, Min Delay: 0.1 ms, Max Speed: 0.00 M/s, Avg Speed: 0.00 M/s, Max Resolution: 1920x1080
Category: ☘️上海频道, Name: 上海新闻综合, Total: 42, Valid: 1, Valid Percent: 2.38%, Whitelist: 0, IPv4: 0, IPv6: 42, Min Delay: 0.1 ms, Max Speed: 0.00 M/s, Avg Speed: 0.00 M/s, Max Resolution: 1920x1080
Category: ☘️上海频道, Name: 上海第一财经, Total: 35, Valid: 0, Valid Percent: 0.00%, Whitelist: 0, IPv4: 0, IPv6: 35, Min Delay: -1 ms, Max Speed: 0.00 M/s, Avg Speed: 0.00 M/s, Max Resolution: None
Category: ☘️上海频道, Name: 上海都市, Total: 44, Valid: 12, Valid Percent: 27.27%, Whitelist: 0, IPv4: 0, IPv6: 44, Min Delay: 0.1 ms, Max Speed: 0.00 M/s, Avg Speed: 0.00 M/s, Max Resolution: 1920x1080
Category: ☘️上海频道, Name: 东方影视, Total: 13, Valid: 8, Valid Percent: 61.54%, Whitelist: 0, IPv4: 0, IPv6: 13, Min Delay: 0.1 ms, Max Speed: 0.00 M/s, Avg Speed: 0.00 M/s, Max Resolution: 1920x1080
Category: ☘️上海频道, Name: 东方财经, Total: 2, Valid: 2, Valid Percent: 100.00%, Whitelist: 0, IPv4: 0, IPv6: 2, Min Delay: 0.1 ms, Max Speed: 0.00 M/s, Avg Speed: 0.00 M/s, Max Resolution: 1920x1080
Category: ☘️上海频道, Name: 新闻综合, Total: 23, Valid: 17, Valid Percent: 73.91%, Whitelist: 0, IPv4: 2, IPv6: 21, Min Delay: 0.1 ms, Max Speed: 0.82 M/s, Avg Speed: 0.08 M/s, Max Resolution: 1920x1080
Category: ☘️上海频道, Name: 欢笑剧场, Total: 11, Valid: 4, Valid Percent: 36.36%, Whitelist: 0, IPv4: 1, IPv6: 10, Min Delay: 0.1 ms, Max Speed: 5.77 M/s, Avg Speed: 1.44 M/s, Max Resolution: 1920x1080
Category: ☘️上海频道, Name: 都市剧场, Total: 14, Valid: 3, Valid Percent: 21.43%, Whitelist: 0, IPv4: 5, IPv6: 9, Min Delay: 187 ms, Max Speed: 7.39 M/s, Avg Speed: 2.67 M/s, Max Resolution: 1920x1080
Category: ☘️江苏频道, Name: 句容影院, Total: 1, Valid: 1, Valid Percent: 100.00%, Whitelist: 0, IPv4: 1, IPv6: 0, Min Delay: 1321 ms, Max Speed: 0.29 M/s, Avg Speed: 0.29 M/s, Max Resolution: 720x576
Category: ☘️江苏频道, Name: 江苏体育, Total: 39, Valid: 0, Valid Percent: 0.00%, Whitelist: 0, IPv4: 0, IPv6: 39, Min Delay: -1 ms, Max Speed: 0.00 M/s, Avg Speed: 0.00 M/s, Max Resolution: None
Category: ☘️江苏频道, Name: 江苏公共, Total: 1, Valid: 0, Valid Percent: 0.00%, Whitelist: 0, IPv4: 0, IPv6: 1, Min Delay: -1 ms, Max Speed: 0.00 M/s, Avg Speed: 0.00 M/s, Max Resolution: None
Category: ☘️江苏频道, Name: 江苏城市, Total: 16, Valid: 3, Valid Percent: 18.75%, Whitelist: 0, IPv4: 1, IPv6: 15, Min Delay: 0.1 ms, Max Speed: 0.83 M/s, Avg Speed: 0.28 M/s, Max Resolution: 1920x1080
Category: ☘️江苏频道, Name: 江苏影视, Total: 44, Valid: 3, Valid Percent: 6.82%, Whitelist: 0, IPv4: 1, IPv6: 43, Min Delay: 0.1 ms, Max Speed: 1.00 M/s, Avg Speed: 0.33 M/s, Max Resolution: 1920x1080
Category: ☘️江苏频道, Name: 江苏教育, Total: 44, Valid: 4, Valid Percent: 9.09%, Whitelist: 0, IPv4: 1, IPv6: 43, Min Delay: 0.1 ms, Max Speed: 1.05 M/s, Avg Speed: 0.26 M/s, Max Resolution: 1920x1080
Category: ☘️江苏频道, Name: 苏州4k, Total: 1, Valid: 1, Valid Percent: 100.00%, Whitelist: 0, IPv4: 1, IPv6: 0, Min Delay: 373 ms, Max Speed: 1.38 M/s, Avg Speed: 1.38 M/s, Max Resolution: 1280x720
Category: ☘️江苏频道, Name: 苏州文化生活, Total: 1, Valid: 1, Valid Percent: 100.00%, Whitelist: 0, IPv4: 0, IPv6: 1, Min Delay: 0.1 ms, Max Speed: 0.00 M/s, Avg Speed: 0.00 M/s, Max Resolution: 1920x1080
Category: ☘️江苏频道, Name: 苏州新闻综合, Total: 2, Valid: 2, Valid Percent: 100.00%, Whitelist: 0, IPv4: 0, IPv6: 2, Min Delay: 0.1 ms, Max Speed: 0.00 M/s, Avg Speed: 0.00 M/s, Max Resolution: 1920x1080
Category: ☘️江苏频道, Name: 苏州生活资讯, Total: 1, Valid: 1, Valid Percent: 100.00%, Whitelist: 0, IPv4: 0, IPv6: 1, Min Delay: 0.1 ms, Max Speed: 0.00 M/s, Avg Speed: 0.00 M/s, Max Resolution: 1920x1080
Category: ☘️江苏频道, Name: 苏州社会经济, Total: 2, Valid: 2, Valid Percent: 100.00%, Whitelist: 0, IPv4: 1, IPv6: 1, Min Delay: 0.1 ms, Max Speed: 1.50 M/s, Avg Speed: 0.75 M/s, Max Resolution: 1920x1080
Category: ☘️辽宁频道, Name: 辽宁北方, Total: 1, Valid: 1, Valid Percent: 100.00%, Whitelist: 0, IPv4: 0, IPv6: 1, Min Delay: 0.1 ms, Max Speed: 0.00 M/s, Avg Speed: 0.00 M/s, Max Resolution: 1920x1080
Category: ☘️辽宁频道, Name: 辽宁影视剧, Total: 3, Valid: 3, Valid Percent: 100.00%, Whitelist: 0, IPv4: 0, IPv6: 3, Min Delay: 0.1 ms, Max Speed: 0.00 M/s, Avg Speed: 0.00 M/s, Max Resolution: 1920x1080
Category: ☘️辽宁频道, Name: 辽宁教育青少, Total: 1, Valid: 1, Valid Percent: 100.00%, Whitelist: 0, IPv4: 0, IPv6: 1, Min Delay: 0.1 ms, Max Speed: 0.00 M/s, Avg Speed: 0.00 M/s, Max Resolution: 1920x1080
Category: ☘️辽宁频道, Name: 辽宁生活, Total: 1, Valid: 1, Valid Percent: 100.00%, Whitelist: 0, IPv4: 0, IPv6: 1, Min Delay: 0.1 ms, Max Speed: 0.00 M/s, Avg Speed: 0.00 M/s, Max Resolution: 1920x1080
Category: ☘️辽宁频道, Name: 辽宁经济, Total: 3, Valid: 3, Valid Percent: 100.00%, Whitelist: 0, IPv4: 1, IPv6: 2, Min Delay: 0.1 ms, Max Speed: 0.59 M/s, Avg Speed: 0.20 M/s, Max Resolution: 1920x1080
Category: ☘️辽宁频道, Name: 辽宁都市, Total: 3, Valid: 3, Valid Percent: 100.00%, Whitelist: 0, IPv4: 0, IPv6: 3, Min Delay: 0.1 ms, Max Speed: 0.00 M/s, Avg Speed: 0.00 M/s, Max Resolution: 1920x1080
Category: ☘️湖南频道, Name: 湖南都市, Total: 11, Valid: 7, Valid Percent: 63.64%, Whitelist: 0, IPv4: 0, IPv6: 11, Min Delay: 0.1 ms, Max Speed: 0.00 M/s, Avg Speed: 0.00 M/s, Max Resolution: 1920x1080
Category: ☘️湖南频道, Name: 湖南经视, Total: 16, Valid: 15, Valid Percent: 93.75%, Whitelist: 0, IPv4: 0, IPv6: 16, Min Delay: 0.1 ms, Max Speed: 0.00 M/s, Avg Speed: 0.00 M/s, Max Resolution: 1920x1080
Category: ☘️湖南频道, Name: 湖南电视剧, Total: 17, Valid: 15, Valid Percent: 88.24%, Whitelist: 0, IPv4: 0, IPv6: 17, Min Delay: 0.1 ms, Max Speed: 0.00 M/s, Avg Speed: 0.00 M/s, Max Resolution: 1920x1080
Category: ☘️湖南频道, Name: 湖南电影, Total: 3, Valid: 2, Valid Percent: 66.67%, Whitelist: 0, IPv4: 0, IPv6: 3, Min Delay: 0.1 ms, Max Speed: 0.00 M/s, Avg Speed: 0.00 M/s, Max Resolution: 1920x1080
Category: ☘️湖南频道, Name: 湖南爱晚, Total: 3, Valid: 1, Valid Percent: 33.33%, Whitelist: 0, IPv4: 0, IPv6: 3, Min Delay: 0.1 ms, Max Speed: 0.00 M/s, Avg Speed: 0.00 M/s, Max Resolution: 1920x1080
Category: ☘️湖南频道, Name: 湖南教育, Total: 2, Valid: 2, Valid Percent: 100.00%, Whitelist: 0, IPv4: 0, IPv6: 2, Min Delay: 0.1 ms, Max Speed: 0.00 M/s, Avg Speed: 0.00 M/s, Max Resolution: 1920x1080
Category: ☘️湖南频道, Name: 湖南娱乐, Total: 11, Valid: 9, Valid Percent: 81.82%, Whitelist: 0, IPv4: 0, IPv6: 11, Min Delay: 0.1 ms, Max Speed: 0.00 M/s, Avg Speed: 0.00 M/s, Max Resolution: 1920x1080
Category: ☘️湖南频道, Name: 湖南国际, Total: 4, Valid: 3, Valid Percent: 75.00%, Whitelist: 0, IPv4: 0, IPv6: 4, Min Delay: 0.1 ms, Max Speed: 0.00 M/s, Avg Speed: 0.00 M/s, Max Resolution: 1920x1080
Category: ☘️湖南频道, Name: 湖南公共, Total: 10, Valid: 10, Valid Percent: 100.00%, Whitelist: 0, IPv4: 0, IPv6: 10, Min Delay: 0.1 ms, Max Speed: 0.00 M/s, Avg Speed: 0.00 M/s, Max Resolution: 1920x1080
Category: ☘️湖北频道, Name: 湖北综合, Total: 3, Valid: 3, Valid Percent: 100.00%, Whitelist: 0, IPv4: 0, IPv6: 3, Min Delay: 0.1 ms, Max Speed: 0.00 M/s, Avg Speed: 0.00 M/s, Max Resolution: 1920x1080
Category: ☘️湖北频道, Name: 湖北经视, Total: 3, Valid: 2, Valid Percent: 66.67%, Whitelist: 0, IPv4: 0, IPv6: 3, Min Delay: 0.1 ms, Max Speed: 0.00 M/s, Avg Speed: 0.00 M/s, Max Resolution: 1920x1080
Category: ☘️湖北频道, Name: 湖北生活, Total: 5, Valid: 4, Valid Percent: 80.00%, Whitelist: 0, IPv4: 0, IPv6: 5, Min Delay: 0.1 ms, Max Speed: 0.00 M/s, Avg Speed: 0.00 M/s, Max Resolution: 1920x1080
Category: ☘️湖北频道, Name: 湖北教育, Total: 3, Valid: 3, Valid Percent: 100.00%, Whitelist: 0, IPv4: 0, IPv6: 3, Min Delay: 0.1 ms, Max Speed: 0.00 M/s, Avg Speed: 0.00 M/s, Max Resolution: 1920x1080
Category: ☘️湖北频道, Name: 湖北影视, Total: 4, Valid: 2, Valid Percent: 50.00%, Whitelist: 0, IPv4: 0, IPv6: 4, Min Delay: 0.1 ms, Max Speed: 0.00 M/s, Avg Speed: 0.00 M/s, Max Resolution: 1920x1080
Category: ☘️湖北频道, Name: 湖北公共, Total: 4, Valid: 4, Valid Percent: 100.00%, Whitelist: 0, IPv4: 0, IPv6: 4, Min Delay: 0.1 ms, Max Speed: 0.00 M/s, Avg Speed: 0.00 M/s, Max Resolution: 1920x1080
Category: ☘️湖北频道, Name: 湖北垄上, Total: 4, Valid: 4, Valid Percent: 100.00%, Whitelist: 0, IPv4: 0, IPv6: 4, Min Delay: 0.1 ms, Max Speed: 0.00 M/s, Avg Speed: 0.00 M/s, Max Resolution: 1920x1080
Category: ☘️湖北频道, Name: 武汉一台新闻综合, Total: 5, Valid: 5, Valid Percent: 100.00%, Whitelist: 0, IPv4: 0, IPv6: 5, Min Delay: 0.1 ms, Max Speed: 0.00 M/s, Avg Speed: 0.00 M/s, Max Resolution: 1920x1080
Category: ☘️湖北频道, Name: 武汉二台电视剧, Total: 2, Valid: 2, Valid Percent: 100.00%, Whitelist: 0, IPv4: 0, IPv6: 2, Min Delay: 0.1 ms, Max Speed: 0.00 M/s, Avg Speed: 0.00 M/s, Max Resolution: 1920x1080
Category: ☘️湖北频道, Name: 武汉四台经济, Total: 1, Valid: 1, Valid Percent: 100.00%, Whitelist: 0, IPv4: 0, IPv6: 1, Min Delay: 0.1 ms, Max Speed: 0.00 M/s, Avg Speed: 0.00 M/s, Max Resolution: 1920x1080
Category: ☘️湖北频道, Name: 武汉教育, Total: 8, Valid: 8, Valid Percent: 100.00%, Whitelist: 0, IPv4: 0, IPv6: 8, Min Delay: 0.1 ms, Max Speed: 0.00 M/s, Avg Speed: 0.00 M/s, Max Resolution: 1920x1080
Category: ☘️吉林频道, Name: 吉林都市, Total: 2, Valid: 2, Valid Percent: 100.00%, Whitelist: 0, IPv4: 0, IPv6: 2, Min Delay: 0.1 ms, Max Speed: 0.00 M/s, Avg Speed: 0.00 M/s, Max Resolution: 1920x1080
Category: ☘️吉林频道, Name: 吉林生活, Total: 2, Valid: 2, Valid Percent: 100.00%, Whitelist: 0, IPv4: 0, IPv6: 2, Min Delay: 0.1 ms, Max Speed: 0.00 M/s, Avg Speed: 0.00 M/s, Max Resolution: 1920x1080
Category: ☘️吉林频道, Name: 吉林乡村, Total: 3, Valid: 3, Valid Percent: 100.00%, Whitelist: 0, IPv4: 0, IPv6: 3, Min Delay: 0.1 ms, Max Speed: 0.00 M/s, Avg Speed: 0.00 M/s, Max Resolution: 1920x1080
Category: 🎵音乐频道, Name: CCTV-15, Total: 109, Valid: 63, Valid Percent: 57.80%, Whitelist: 0, IPv4: 0, IPv6: 109, Min Delay: 0.1 ms, Max Speed: 0.00 M/s, Avg Speed: 0.00 M/s, Max Resolution: 1920x1080
Category: 🎵音乐频道, Name: 风云音乐, Total: 5, Valid: 1, Valid Percent: 20.00%, Whitelist: 0, IPv4: 3, IPv6: 2, Min Delay: 393 ms, Max Speed: 9.91 M/s, Avg Speed: 9.91 M/s, Max Resolution: 1920x1080
Category: 🎵音乐频道, Name: 音乐现场, Total: 2, Valid: 2, Valid Percent: 100.00%, Whitelist: 0, IPv4: 2, IPv6: 0, Min Delay: 141 ms, Max Speed: 0.71 M/s, Avg Speed: 0.64 M/s, Max Resolution: None
Category: 🎵音乐频道, Name: 音乐之声, Total: 1, Valid: 1, Valid Percent: 100.00%, Whitelist: 0, IPv4: 1, IPv6: 0, Min Delay: 966 ms, Max Speed: 0.16 M/s, Avg Speed: 0.16 M/s, Max Resolution: None
Category: 🎵音乐频道, Name: 潮流音乐, Total: 1, Valid: 1, Valid Percent: 100.00%, Whitelist: 0, IPv4: 1, IPv6: 0, Min Delay: 6015 ms, Max Speed: 0.05 M/s, Avg Speed: 0.05 M/s, Max Resolution: None
Category: 🎵音乐频道, Name: 音乐广播, Total: 29, Valid: 0, Valid Percent: 0.00%, Whitelist: 0, IPv4: 0, IPv6: 29, Min Delay: -1 ms, Max Speed: 0.00 M/s, Avg Speed: 0.00 M/s, Max Resolution: None
